node.exe : [baseline-browser-mapping] The data in this module is over 
two months old.  To ensure accurate Baseline data, please update: `npm i 
baseline-browser-mapping@latest -D`
At line:1 char:1
+ & "C:\Program Files\nodejs/node.exe" "C:\Program Files\nodejs/node_mo 
...
+ ~~~~~~~~~~~~~~~~~~~~~~~~~~~~~~~~~~~~~~~~~~~~~~~~~~~~~~~~~~~~~~~~~~~~~
    + CategoryInfo          : NotSpecified: ([baseline-brows...ping@late 
   st -D`:String) [], RemoteException
    + FullyQualifiedErrorId : NativeCommandError
 
   Ôû▓ Next.js 16.0.1 (Turbopack)

   Creating an optimized production build ...
[baseline-browser-mapping] The data in this module is over two months 
old.  To ensure accurate Baseline data, please update: `npm i 
baseline-browser-mapping@latest -D`
[baseline-browser-mapping] The data in this module is over two months 
old.  To ensure accurate Baseline data, please update: `npm i 
baseline-browser-mapping@latest -D`

<--- Last few GCs --->

[42896:000001F264473000]      342 ms: Scavenge 10.4 (12.9) -> 9.4 (13.4) 
MB, pooled: 0 MB, 1.85 / 0.00 ms  (average mu = 1.000, current mu = 
1.000) allocation failure; 
[42896:000001F264473000]      449 ms: Scavenge 11.0 (13.7) -> 10.4 
(14.4) MB, pooled: 0 MB, 4.13 / 0.00 ms  (average mu = 1.000, current mu 
= 1.000) allocation failure; 
[42896:000001F264473000]      586 ms: Scavenge 11.8 (14.4) -> 11.5 
(14.9) MB, pooled: 2 MB, 124.69 / 0.00 ms  (average mu = 1.000, current 
mu = 1.000) allocation failure; 


<--- JS stacktrace --->

FATAL ERROR: Zone Allocation failed - process out of memory
----- Native stack trace -----

 1: 00007FF7AAC5A397 
 2: 00007FF7AABBB1D8 
 3: 00007FF7AB7C2591 
 4: 00007FF7AB7AF116 
 5: 00007FF7AB29192B 
 6: 00007FF7AB3762B3 
 7: 00007FF7AB3924A9 
 8: 00007FF7AB3A22C5 
 9: 00007FF7AB39FCC9 
10: 00007FF7AB3944F4 
11: 00007FF7AB39348E 
12: 00007FF7AB39F7FE 
13: 00007FF7AB39FD07 
14: 00007FF7AB3944F4 
15: 00007FF7AB399ABE 
16: 00007FF7AB399F6E 
17: 00007FF7AB3A5CFF 
18: 00007FF7AB395CEB 
19: 00007FF7AB3A4BFA 
20: 00007FF7AB39E45F 
21: 00007FF7AB3A4C1B 
22: 00007FF7AB39E45F 
23: 00007FF7AB3A4C1B 
24: 00007FF7AB39D248 
25: 00007FF7AB39C547 
26: 00007FF7AB39DC6A 
27: 00007FF7AB3976D0 
28: 00007FF7AB396E71 
29: 00007FF7AB396B90 
30: 00007FF7AB396580 
31: 00007FF7AB3A296D 
32: 00007FF7AB39FCC9 
33: 00007FF7AB3944F4 
34: 00007FF7AB39CEF3 
35: 00007FF7AB39419E 
36: 00007FF7AB3946B1 
37: 00007FF7AB394541 
38: 00007FF7AB3A7A39 
39: 00007FF7AB3A7D95 
40: 00007FF7AB39D248 
41: 00007FF7AB39413D 
42: 00007FF7AB38E826 
43: 00007FF7AB39CA9C 
44: 00007FF7AB387EDE 
45: 00007FF7AB728C0E 
46: 00007FF7AB72863A 
47: 00007FF7AB305507 
48: 00007FF7AB87DA5E 
49: 00007FF7AB7DFBBF 
50: 00007FF72BA1D8F6 
